project(foo-bar LANGUAGES CXX )
set(CMAKE_CXX_FLAGS "${CMAKE_CXX_FLAGS} -fsycl")
include(./../dpct.cmake)
